Archive member included to satisfy reference by file (symbol)

/home/tomashut/st/stm32cubeclt_1.16.0_2/GNU-tools-for-STM32/bin/../lib/gcc/arm-none-eabi/12.3.1/../../../../arm-none-eabi/lib/thumb/v7e-m+fp/hard/libc_nano.a(libc_a-exit.o)
                              /home/tomashut/st/stm32cubeclt_1.16.0_2/GNU-tools-for-STM32/bin/../lib/gcc/arm-none-eabi/12.3.1/../../../../arm-none-eabi/lib/thumb/v7e-m+fp/hard/crt0.o (exit)
/home/tomashut/st/stm32cubeclt_1.16.0_2/GNU-tools-for-STM32/bin/../lib/gcc/arm-none-eabi/12.3.1/../../../../arm-none-eabi/lib/thumb/v7e-m+fp/hard/libc_nano.a(libc_a-findfp.o)
                              /home/tomashut/st/stm32cubeclt_1.16.0_2/GNU-tools-for-STM32/bin/../lib/gcc/arm-none-eabi/12.3.1/../../../../arm-none-eabi/lib/thumb/v7e-m+fp/hard/libc_nano.a(libc_a-exit.o) (__stdio_exit_handler)
/home/tomashut/st/stm32cubeclt_1.16.0_2/GNU-tools-for-STM32/bin/../lib/gcc/arm-none-eabi/12.3.1/../../../../arm-none-eabi/lib/thumb/v7e-m+fp/hard/libc_nano.a(libc_a-fwalk.o)
                              /home/tomashut/st/stm32cubeclt_1.16.0_2/GNU-tools-for-STM32/bin/../lib/gcc/arm-none-eabi/12.3.1/../../../../arm-none-eabi/lib/thumb/v7e-m+fp/hard/libc_nano.a(libc_a-findfp.o) (_fwalk_sglue)
/home/tomashut/st/stm32cubeclt_1.16.0_2/GNU-tools-for-STM32/bin/../lib/gcc/arm-none-eabi/12.3.1/../../../../arm-none-eabi/lib/thumb/v7e-m+fp/hard/libc_nano.a(libc_a-stdio.o)
                              /home/tomashut/st/stm32cubeclt_1.16.0_2/GNU-tools-for-STM32/bin/../lib/gcc/arm-none-eabi/12.3.1/../../../../arm-none-eabi/lib/thumb/v7e-m+fp/hard/libc_nano.a(libc_a-findfp.o) (__sread)
/home/tomashut/st/stm32cubeclt_1.16.0_2/GNU-tools-for-STM32/bin/../lib/gcc/arm-none-eabi/12.3.1/../../../../arm-none-eabi/lib/thumb/v7e-m+fp/hard/libc_nano.a(libc_a-memset.o)
                              /home/tomashut/st/stm32cubeclt_1.16.0_2/GNU-tools-for-STM32/bin/../lib/gcc/arm-none-eabi/12.3.1/../../../../arm-none-eabi/lib/thumb/v7e-m+fp/hard/crt0.o (memset)
/home/tomashut/st/stm32cubeclt_1.16.0_2/GNU-tools-for-STM32/bin/../lib/gcc/arm-none-eabi/12.3.1/../../../../arm-none-eabi/lib/thumb/v7e-m+fp/hard/libc_nano.a(libc_a-closer.o)
                              /home/tomashut/st/stm32cubeclt_1.16.0_2/GNU-tools-for-STM32/bin/../lib/gcc/arm-none-eabi/12.3.1/../../../../arm-none-eabi/lib/thumb/v7e-m+fp/hard/libc_nano.a(libc_a-stdio.o) (_close_r)
/home/tomashut/st/stm32cubeclt_1.16.0_2/GNU-tools-for-STM32/bin/../lib/gcc/arm-none-eabi/12.3.1/../../../../arm-none-eabi/lib/thumb/v7e-m+fp/hard/libc_nano.a(libc_a-reent.o)
                              /home/tomashut/st/stm32cubeclt_1.16.0_2/GNU-tools-for-STM32/bin/../lib/gcc/arm-none-eabi/12.3.1/../../../../arm-none-eabi/lib/thumb/v7e-m+fp/hard/libc_nano.a(libc_a-closer.o) (errno)
/home/tomashut/st/stm32cubeclt_1.16.0_2/GNU-tools-for-STM32/bin/../lib/gcc/arm-none-eabi/12.3.1/../../../../arm-none-eabi/lib/thumb/v7e-m+fp/hard/libc_nano.a(libc_a-impure.o)
                              /home/tomashut/st/stm32cubeclt_1.16.0_2/GNU-tools-for-STM32/bin/../lib/gcc/arm-none-eabi/12.3.1/../../../../arm-none-eabi/lib/thumb/v7e-m+fp/hard/libc_nano.a(libc_a-reent.o) (_impure_ptr)
/home/tomashut/st/stm32cubeclt_1.16.0_2/GNU-tools-for-STM32/bin/../lib/gcc/arm-none-eabi/12.3.1/../../../../arm-none-eabi/lib/thumb/v7e-m+fp/hard/libc_nano.a(libc_a-lseekr.o)
                              /home/tomashut/st/stm32cubeclt_1.16.0_2/GNU-tools-for-STM32/bin/../lib/gcc/arm-none-eabi/12.3.1/../../../../arm-none-eabi/lib/thumb/v7e-m+fp/hard/libc_nano.a(libc_a-stdio.o) (_lseek_r)
/home/tomashut/st/stm32cubeclt_1.16.0_2/GNU-tools-for-STM32/bin/../lib/gcc/arm-none-eabi/12.3.1/../../../../arm-none-eabi/lib/thumb/v7e-m+fp/hard/libc_nano.a(libc_a-readr.o)
                              /home/tomashut/st/stm32cubeclt_1.16.0_2/GNU-tools-for-STM32/bin/../lib/gcc/arm-none-eabi/12.3.1/../../../../arm-none-eabi/lib/thumb/v7e-m+fp/hard/libc_nano.a(libc_a-stdio.o) (_read_r)
/home/tomashut/st/stm32cubeclt_1.16.0_2/GNU-tools-for-STM32/bin/../lib/gcc/arm-none-eabi/12.3.1/../../../../arm-none-eabi/lib/thumb/v7e-m+fp/hard/libc_nano.a(libc_a-writer.o)
                              /home/tomashut/st/stm32cubeclt_1.16.0_2/GNU-tools-for-STM32/bin/../lib/gcc/arm-none-eabi/12.3.1/../../../../arm-none-eabi/lib/thumb/v7e-m+fp/hard/libc_nano.a(libc_a-stdio.o) (_write_r)
/home/tomashut/st/stm32cubeclt_1.16.0_2/GNU-tools-for-STM32/bin/../lib/gcc/arm-none-eabi/12.3.1/../../../../arm-none-eabi/lib/thumb/v7e-m+fp/hard/libc_nano.a(libc_a-init.o)
                              /home/tomashut/st/stm32cubeclt_1.16.0_2/GNU-tools-for-STM32/bin/../lib/gcc/arm-none-eabi/12.3.1/../../../../arm-none-eabi/lib/thumb/v7e-m+fp/hard/crt0.o (__libc_init_array)
/home/tomashut/st/stm32cubeclt_1.16.0_2/GNU-tools-for-STM32/bin/../lib/gcc/arm-none-eabi/12.3.1/../../../../arm-none-eabi/lib/thumb/v7e-m+fp/hard/libc_nano.a(libc_a-lock.o)
[...]
Memory Configuration

Name             Origin             Length             Attributes
RAM              0x20000000         0x00050000         xrw
FLASH            0x08000000         0x00100000         xr
*default*        0x00000000         0xffffffff

Linker script and memory map

LOAD /home/tomashut/st/stm32cubeclt_1.16.0_2/GNU-tools-for-STM32/bin/../lib/gcc/arm-none-eabi/12.3.1/thumb/v7e-m+fp/hard/crti.o
LOAD /home/tomashut/st/stm32cubeclt_1.16.0_2/GNU-tools-for-STM32/bin/../lib/gcc/arm-none-eabi/12.3.1/thumb/v7e-m+fp/hard/crtbegin.o
LOAD /home/tomashut/st/stm32cubeclt_1.16.0_2/GNU-tools-for-STM32/bin/../lib/gcc/arm-none-eabi/12.3.1/../../../../arm-none-eabi/lib/thumb/v7e-m+fp/hard/crt0.o
START GROUP
LOAD /home/tomashut/st/stm32cubeclt_1.16.0_2/GNU-tools-for-STM32/bin/../lib/gcc/arm-none-eabi/12.3.1/../../../../arm-none-eabi/lib/thumb/v7e-m+fp/hard/libc_nano.a
LOAD /home/tomashut/st/stm32cubeclt_1.16.0_2/GNU-tools-for-STM32/bin/../lib/gcc/arm-none-eabi/12.3.1/../../../../arm-none-eabi/lib/thumb/v7e-m+fp/hard/libm.a
END GROUP
LOAD CMakeFiles/lastBoard.dir/Core/Src/main.c.obj
LOAD CMakeFiles/lastBoard.dir/Core/Src/stm32f4xx_it.c.obj
LOAD CMakeFiles/lastBoard.dir/Core/Src/stm32f4xx_hal_msp.c.obj
LOAD CMakeFiles/lastBoard.dir/Drivers/STM32F4xx_HAL_Driver/Src/stm32f4xx_hal_i2c.c.obj
LOAD CMakeFiles/lastBoard.dir/Drivers/STM32F4xx_HAL_Driver/Src/stm32f4xx_hal_i2c_ex.c.obj
LOAD CMakeFiles/lastBoard.dir/Drivers/STM32F4xx_HAL_Driver/Src/stm32f4xx_hal_rcc.c.obj
LOAD CMakeFiles/lastBoard.dir/Drivers/STM32F4xx_HAL_Driver/Src/stm32f4xx_hal_rcc_ex.c.obj
LOAD CMakeFiles/lastBoard.dir/Drivers/STM32F4xx_HAL_Driver/Src/stm32f4xx_hal_flash.c.obj
LOAD CMakeFiles/lastBoard.dir/Drivers/STM32F4xx_HAL_Driver/Src/stm32f4xx_hal_flash_ex.c.obj
LOAD CMakeFiles/lastBoard.dir/Drivers/STM32F4xx_HAL_Driver/Src/stm32f4xx_hal_flash_ramfunc.c.obj
LOAD CMakeFiles/lastBoard.dir/Drivers/STM32F4xx_HAL_Driver/Src/stm32f4xx_hal_gpio.c.obj
LOAD CMakeFiles/lastBoard.dir/Drivers/STM32F4xx_HAL_Driver/Src/stm32f4xx_hal_dma_ex.c.obj
LOAD CMakeFiles/lastBoard.dir/Drivers/STM32F4xx_HAL_Driver/Src/stm32f4xx_hal_dma.c.obj
LOAD CMakeFiles/lastBoard.dir/Drivers/STM32F4xx_HAL_Driver/Src/stm32f4xx_hal_pwr.c.obj
LOAD CMakeFiles/lastBoard.dir/Drivers/STM32F4xx_HAL_Driver/Src/stm32f4xx_hal_pwr_ex.c.obj
LOAD CMakeFiles/lastBoard.dir/Drivers/STM32F4xx_HAL_Driver/Src/stm32f4xx_hal_cortex.c.obj
LOAD CMakeFiles/lastBoard.dir/Drivers/STM32F4xx_HAL_Driver/Src/stm32f4xx_hal.c.obj
LOAD CMakeFiles/lastBoard.dir/Drivers/STM32F4xx_HAL_Driver/Src/stm32f4xx_hal_exti.c.obj
LOAD CMakeFiles/lastBoard.dir/Drivers/STM32F4xx_HAL_Driver/Src/stm32f4xx_hal_tim.c.obj
LOAD CMakeFiles/lastBoard.dir/Drivers/STM32F4xx_HAL_Driver/Src/stm32f4xx_hal_tim_ex.c.obj
LOAD CMakeFiles/lastBoard.dir/Core/Src/system_stm32f4xx.c.obj
LOAD CMakeFiles/lastBoard.dir/Core/Src/sysmem.c.obj
LOAD CMakeFiles/lastBoard.dir/Core/Src/syscalls.c.obj
LOAD CMakeFiles/lastBoard.dir/startup_stm32f413xx.s.obj
LOAD CMakeFiles/lastBoard.dir/src/basicPin.c.obj
LOAD CMakeFiles/lastBoard.dir/src/basicI2C.c.obj
LOAD CMakeFiles/lastBoard.dir/src/i2cConfig.c.obj
LOAD CMakeFiles/lastBoard.dir/src/i2c_interface.c.obj
START GROUP
LOAD /home/tomashut/st/stm32cubeclt_1.16.0_2/GNU-tools-for-STM32/bin/../lib/gcc/arm-none-eabi/12.3.1/thumb/v7e-m+fp/hard/libgcc.a
LOAD /home/tomashut/st/stm32cubeclt_1.16.0_2/GNU-tools-for-STM32/bin/../lib/gcc/arm-none-eabi/12.3.1/../../../../arm-none-eabi/lib/thumb/v7e-m+fp/hard/libg_nano.a
LOAD /home/tomashut/st/stm32cubeclt_1.16.0_2/GNU-tools-for-STM32/bin/../lib/gcc/arm-none-eabi/12.3.1/../../../../arm-none-eabi/lib/thumb/v7e-m+fp/hard/libc_nano.a
END GROUP
START GROUP
LOAD /home/tomashut/st/stm32cubeclt_1.16.0_2/GNU-tools-for-STM32/bin/../lib/gcc/arm-none-eabi/12.3.1/thumb/v7e-m+fp/hard/libgcc.a
LOAD /home/tomashut/st/stm32cubeclt_1.16.0_2/GNU-tools-for-STM32/bin/../lib/gcc/arm-none-eabi/12.3.1/../../../../arm-none-eabi/lib/thumb/v7e-m+fp/hard/libc_nano.a
END GROUP
LOAD /home/tomashut/st/stm32cubeclt_1.16.0_2/GNU-tools-for-STM32/bin/../lib/gcc/arm-none-eabi/12.3.1/thumb/v7e-m+fp/hard/crtend.o
LOAD /home/tomashut/st/stm32cubeclt_1.16.0_2/GNU-tools-for-STM32/bin/../lib/gcc/arm-none-eabi/12.3.1/thumb/v7e-m+fp/hard/crtn.o
                0x20050000                        _estack = (ORIGIN (RAM) + LENGTH (RAM))
                0x00000200                        _Min_Heap_Size = 0x200
                0x00000400                        _Min_Stack_Size = 0x400

.isr_vector     0x08000000      0x1d8
                0x08000000                        . = ALIGN (0x4)
 *(.isr_vector)
 .isr_vector    0x08000000      0x1d8 CMakeFiles/lastBoard.dir/startup_stm32f413xx.s.obj
                0x08000000                g_pfnVectors
                0x080001d8                        . = ALIGN (0x4)

.text           0x080001d8     0x191c
                0x080001d8                        . = ALIGN (0x4)
 *(.text)
 .text          0x080001d8       0x40 /home/tomashut/st/stm32cubeclt_1.16.0_2/GNU-tools-for-STM32/bin/../lib/gcc/arm-none-eabi/12.3.1/thumb/v7e-m+fp/hard/crtbegin.o
 .text          0x08000218       0x30 /home/tomashut/st/stm32cubeclt_1.16.0_2/GNU-tools-for-STM32/bin/../lib/gcc/arm-none-eabi/12.3.1/thumb/v7e-m+fp/hard/libgcc.a(_aeabi_uldivmod.o)
                0x08000218                __aeabi_uldivmod
 .text          0x08000248      0x2bc /home/tomashut/st/stm32cubeclt_1.16.0_2/GNU-tools-for-STM32/bin/../lib/gcc/arm-none-eabi/12.3.1/thumb/v7e-m+fp/hard/libgcc.a(_udivmoddi4.o)
                0x08000248                __udivmoddi4
 .text          0x08000504        0x4 /home/tomashut/st/stm32cubeclt_1.16.0_2/GNU-tools-for-STM32/bin/../lib/gcc/arm-none-eabi/12.3.1/thumb/v7e-m+fp/hard/libgcc.a(_dvmd_tls.o)
                0x08000504                __aeabi_ldiv0
                0x08000504                __aeabi_idiv0
 *(.text*)
 .text.memset   0x08000508       0x10 /home/tomashut/st/stm32cubeclt_1.16.0_2/GNU-tools-for-STM32/bin/../lib/gcc/arm-none-eabi/12.3.1/../../../../arm-none-eabi/lib/thumb/v7e-m+fp/hard/libc_nano.a(libc_a-memset.o)
                0x08000508                memset
 .text.__libc_init_array
                0x08000518       0x48 /home/tomashut/st/stm32cubeclt_1.16.0_2/GNU-tools-for-STM32/bin/../lib/gcc/arm-none-eabi/12.3.1/../../../../arm-none-eabi/lib/thumb/v7e-m+fp/hard/libc_nano.a(libc_a-init.o)
                0x08000518                __libc_init_array
 .text.main     0x08000560       0x18 CMakeFiles/lastBoard.dir/Core/Src/main.c.obj
                0x08000560                main
 .text.SystemClock_Config
                0x08000578       0xd4 CMakeFiles/lastBoard.dir/Core/Src/main.c.obj
                0x08000578                SystemClock_Config
 .text.MX_I2C1_Init
                0x0800064c       0x5c CMakeFiles/lastBoard.dir/Core/Src/main.c.obj
 .text.MX_GPIO_Init
                0x080006a8       0xbc CMakeFiles/lastBoard.dir/Core/Src/main.c.obj
 .text.Error_Handler
                0x08000764        0xc CMakeFiles/lastBoard.dir/Core/Src/main.c.obj
                0x08000764                Error_Handler
 .text.NMI_Handler
                0x08000770        0x8 CMakeFiles/lastBoard.dir/Core/Src/stm32f4xx_it.c.obj
                0x08000770                NMI_Handler
 .text.HardFault_Handler
                0x08000778        0x8 CMakeFiles/lastBoard.dir/Core/Src/stm32f4xx_it.c.obj
                0x08000778                HardFault_Handler
 .text.MemManage_Handler
                0x08000780        0x8 CMakeFiles/lastBoard.dir/Core/Src/stm32f4xx_it.c.obj
                0x08000780                MemManage_Handler
 .text.BusFault_Handler
                0x08000788        0x8 CMakeFiles/lastBoard.dir/Core/Src/stm32f4xx_it.c.obj
                0x08000788                BusFault_Handler
 .text.UsageFault_Handler
                0x08000790        0x8 CMakeFiles/lastBoard.dir/Core/Src/stm32f4xx_it.c.obj
                0x08000790                UsageFault_Handler
 .text.SVC_Handler
                0x08000798        0xe CMakeFiles/lastBoard.dir/Core/Src/stm32f4xx_it.c.obj
                0x08000798                SVC_Handler
 .text.DebugMon_Handler
                0x080007a6        0xe CMakeFiles/lastBoard.dir/Core/Src/stm32f4xx_it.c.obj
                0x080007a6                DebugMon_Handler
 .text.PendSV_Handler
                0x080007b4        0xe CMakeFiles/lastBoard.dir/Core/Src/stm32f4xx_it.c.obj
                0x080007b4                PendSV_Handler
 .text.SysTick_Handler
                0x080007c2        0xc CMakeFiles/lastBoard.dir/Core/Src/stm32f4xx_it.c.obj
                0x080007c2                SysTick_Handler
 *fill*         0x080007ce        0x2 
 .text.HAL_MspInit
                0x080007d0       0x50 CMakeFiles/lastBoard.dir/Core/Src/stm32f4xx_hal_msp.c.obj
                0x080007d0                HAL_MspInit
 .text.HAL_I2C_MspInit
                0x08000820       0x90 CMakeFiles/lastBoard.dir/Core/Src/stm32f4xx_hal_msp.c.obj
                0x08000820                HAL_I2C_MspInit
 .text.HAL_I2C_Init
                0x080008b0      0x288 CMakeFiles/lastBoard.dir/Drivers/STM32F4xx_HAL_Driver/Src/stm32f4xx_hal_i2c.c.obj
                0x080008b0                HAL_I2C_Init
 .text.HAL_RCC_ClockConfig
                0x08000b38      0x1cc CMakeFiles/lastBoard.dir/Drivers/STM32F4xx_HAL_Driver/Src/stm32f4xx_hal_rcc.c.obj
                0x08000b38                HAL_RCC_ClockConfig
 .text.HAL_RCC_GetSysClockFreq
                0x08000d04      0x20c CMakeFiles/lastBoard.dir/Drivers/STM32F4xx_HAL_Driver/Src/stm32f4xx_hal_rcc.c.obj
                0x08000d04                HAL_RCC_GetSysClockFreq
 .text.HAL_RCC_GetHCLKFreq
                0x08000f10       0x18 CMakeFiles/lastBoard.dir/Drivers/STM32F4xx_HAL_Driver/Src/stm32f4xx_hal_rcc.c.obj
                0x08000f10                HAL_RCC_GetHCLKFreq
 .text.HAL_RCC_GetPCLK1Freq
                0x08000f28       0x28 CMakeFiles/lastBoard.dir/Drivers/STM32F4xx_HAL_Driver/Src/stm32f4xx_hal_rcc.c.obj
                0x08000f28                HAL_RCC_GetPCLK1Freq
 .text.HAL_RCC_OscConfig
                0x08000f50      0x508 CMakeFiles/lastBoard.dir/Drivers/STM32F4xx_HAL_Driver/Src/stm32f4xx_hal_rcc_ex.c.obj
                0x08000f50                HAL_RCC_OscConfig
 .text.HAL_GPIO_Init
                0x08001458      0x328 CMakeFiles/lastBoard.dir/Drivers/STM32F4xx_HAL_Driver/Src/stm32f4xx_hal_gpio.c.obj
                0x08001458                HAL_GPIO_Init
 .text.HAL_GPIO_WritePin
                0x08001780       0x32 CMakeFiles/lastBoard.dir/Drivers/STM32F4xx_HAL_Driver/Src/stm32f4xx_hal_gpio.c.obj
                0x08001780                HAL_GPIO_WritePin
 *fill*         0x080017b2        0x2 
 .text.__NVIC_SetPriorityGrouping
                0x080017b4       0x48 CMakeFiles/lastBoard.dir/Drivers/STM32F4xx_HAL_Driver/Src/stm32f4xx_hal_cortex.c.obj
 .text.__NVIC_GetPriorityGrouping
                0x080017fc       0x1c CMakeFiles/lastBoard.dir/Drivers/STM32F4xx_HAL_Driver/Src/stm32f4xx_hal_cortex.c.obj
 .text.__NVIC_SetPriority
                0x08001818       0x54 CMakeFiles/lastBoard.dir/Drivers/STM32F4xx_HAL_Driver/Src/stm32f4xx_hal_cortex.c.obj
 .text.NVIC_EncodePriority
                0x0800186c       0x66 CMakeFiles/lastBoard.dir/Drivers/STM32F4xx_HAL_Driver/Src/stm32f4xx_hal_cortex.c.obj
 *fill*         0x080018d2        0x2 
 .text.SysTick_Config
                0x080018d4       0x44 CMakeFiles/lastBoard.dir/Drivers/STM32F4xx_HAL_Driver/Src/stm32f4xx_hal_cortex.c.obj
 .text.HAL_NVIC_SetPriorityGrouping
                0x08001918       0x16 CMakeFiles/lastBoard.dir/Drivers/STM32F4xx_HAL_Driver/Src/stm32f4xx_hal_cortex.c.obj
                0x08001918                HAL_NVIC_SetPriorityGrouping
 .text.HAL_NVIC_SetPriority
                0x0800192e       0x38 CMakeFiles/lastBoard.dir/Drivers/STM32F4xx_HAL_Driver/Src/stm32f4xx_hal_cortex.c.obj
                0x0800192e                HAL_NVIC_SetPriority
 .text.HAL_SYSTICK_Config
                0x08001966       0x18 CMakeFiles/lastBoard.dir/Drivers/STM32F4xx_HAL_Driver/Src/stm32f4xx_hal_cortex.c.obj
                0x08001966                HAL_SYSTICK_Config
 *fill*         0x0800197e        0x2 
 .text.HAL_Init
                0x08001980       0x44 CMakeFiles/lastBoard.dir/Drivers/STM32F4xx_HAL_Driver/Src/stm32f4xx_hal.c.obj
                0x08001980                HAL_Init
 .text.HAL_InitTick
                0x080019c4       0x60 CMakeFiles/lastBoard.dir/Drivers/STM32F4xx_HAL_Driver/Src/stm32f4xx_hal.c.obj
                0x080019c4                HAL_InitTick
 .text.HAL_IncTick
                0x08001a24       0x28 CMakeFiles/lastBoard.dir/Drivers/STM32F4xx_HAL_Driver/Src/stm32f4xx_hal.c.obj
                0x08001a24                HAL_IncTick
 .text.HAL_GetTick
                0x08001a4c       0x18 CMakeFiles/lastBoard.dir/Drivers/STM32F4xx_HAL_Driver/Src/stm32f4xx_hal.c.obj
                0x08001a4c                HAL_GetTick
 .text.SystemInit
                0x08001a64       0x24 CMakeFiles/lastBoard.dir/Core/Src/system_stm32f4xx.c.obj
                0x08001a64                SystemInit
 .text.Reset_Handler
                0x08001a88       0x50 CMakeFiles/lastBoard.dir/startup_stm32f413xx.s.obj
                0x08001a88                Reset_Handler
 .text.Default_Handler
                0x08001ad8        0x2 CMakeFiles/lastBoard.dir/startup_stm32f413xx.s.obj
                0x08001ad8                RTC_Alarm_IRQHandler
                0x08001ad8                EXTI2_IRQHandler
                0x08001ad8                TIM8_CC_IRQHandler
                0x08001ad8                UART8_IRQHandler
                0x08001ad8                FMPI2C1_EV_IRQHandler
                0x08001ad8                SPI4_IRQHandler
                0x08001ad8                TIM1_CC_IRQHandler
                0x08001ad8                DMA2_Stream5_IRQHandler
                0x08001ad8                DMA1_Stream5_IRQHandler
                0x08001ad8                CAN3_RX1_IRQHandler
                0x08001ad8                PVD_IRQHandler
                0x08001ad8                SDIO_IRQHandler
                0x08001ad8                TAMP_STAMP_IRQHandler
                0x08001ad8                CAN2_RX1_IRQHandler
                0x08001ad8                EXTI3_IRQHandler
                0x08001ad8                TIM8_TRG_COM_TIM14_IRQHandler
                0x08001ad8                DFSDM1_FLT1_IRQHandler
                0x08001ad8                TIM1_UP_TIM10_IRQHandler
                0x08001ad8                TIM8_UP_TIM13_IRQHandler
                0x08001ad8                I2C3_ER_IRQHandler
                0x08001ad8                EXTI0_IRQHandler
                0x08001ad8                I2C2_EV_IRQHandler
                0x08001ad8                DMA1_Stream2_IRQHandler
                0x08001ad8                CAN1_RX0_IRQHandler
                0x08001ad8                FPU_IRQHandler
                0x08001ad8                CAN3_SCE_IRQHandler
                0x08001ad8                CAN2_SCE_IRQHandler
                0x08001ad8                DMA2_Stream2_IRQHandler
                0x08001ad8                SPI1_IRQHandler
                0x08001ad8                TIM6_DAC_IRQHandler
                0x08001ad8                TIM1_BRK_TIM9_IRQHandler
                0x08001ad8                CAN2_RX0_IRQHandler
                0x08001ad8                DMA2_Stream3_IRQHandler
                0x08001ad8                USART6_IRQHandler
                0x08001ad8                CAN3_RX0_IRQHandler
                0x08001ad8                USART3_IRQHandler
                0x08001ad8                DFSDM2_FLT3_IRQHandler
                0x08001ad8                CAN1_RX1_IRQHandler
                0x08001ad8                UART5_IRQHandler
                0x08001ad8                DMA2_Stream0_IRQHandler
                0x08001ad8                TIM4_IRQHandler
                0x08001ad8                QUADSPI_IRQHandler
                0x08001ad8                I2C1_EV_IRQHandler
                0x08001ad8                DMA1_Stream6_IRQHandler
                0x08001ad8                DMA1_Stream1_IRQHandler
                0x08001ad8                UART4_IRQHandler
                0x08001ad8                TIM3_IRQHandler
                0x08001ad8                RCC_IRQHandler
                0x08001ad8                UART9_IRQHandler
                0x08001ad8                TIM8_BRK_TIM12_IRQHandler
                0x08001ad8                Default_Handler
                0x08001ad8                EXTI15_10_IRQHandler
                0x08001ad8                ADC_IRQHandler
                0x08001ad8                DMA1_Stream7_IRQHandler
                0x08001ad8                DFSDM2_FLT0_IRQHandler
                0x08001ad8                SPI5_IRQHandler
                0x08001ad8                TIM7_IRQHandler
                0x08001ad8                CAN2_TX_IRQHandler
                0x08001ad8                TIM5_IRQHandler
                0x08001ad8                DMA2_Stream7_IRQHandler
                0x08001ad8                I2C3_EV_IRQHandler
                0x08001ad8                DFSDM2_FLT2_IRQHandler
                0x08001ad8                EXTI9_5_IRQHandler
                0x08001ad8                RTC_WKUP_IRQHandler
                0x08001ad8                SPI2_IRQHandler
                0x08001ad8                DMA1_Stream0_IRQHandler
                0x08001ad8                CAN1_TX_IRQHandler
                0x08001ad8                FMPI2C1_ER_IRQHandler
                0x08001ad8                EXTI4_IRQHandler
                0x08001ad8                DFSDM2_FLT1_IRQHandler
                0x08001ad8                RNG_IRQHandler
                0x08001ad8                FSMC_IRQHandler
                0x08001ad8                WWDG_IRQHandler
                0x08001ad8                CAN3_TX_IRQHandler
                0x08001ad8                TIM2_IRQHandler
                0x08001ad8                OTG_FS_WKUP_IRQHandler
                0x08001ad8                TIM1_TRG_COM_TIM11_IRQHandler
                0x08001ad8                EXTI1_IRQHandler
                0x08001ad8                UART7_IRQHandler
                0x08001ad8                USART2_IRQHandler
                0x08001ad8                DFSDM1_FLT0_IRQHandler
                0x08001ad8                I2C2_ER_IRQHandler
                0x08001ad8                DMA2_Stream1_IRQHandler
                0x08001ad8                CAN1_SCE_IRQHandler
                0x08001ad8                FLASH_IRQHandler
                0x08001ad8                DMA2_Stream4_IRQHandler
                0x08001ad8                USART1_IRQHandler
                0x08001ad8                OTG_FS_IRQHandler
                0x08001ad8                SPI3_IRQHandler
                0x08001ad8                DMA1_Stream4_IRQHandler
                0x08001ad8                I2C1_ER_IRQHandler
                0x08001ad8                LPTIM1_IRQHandler
                0x08001ad8                DMA2_Stream6_IRQHandler
                0x08001ad8                UART10_IRQHandler
                0x08001ad8                SAI1_IRQHandler
                0x08001ad8                DMA1_Stream3_IRQHandler
 *(.glue_7)
 .glue_7        0x08001ada        0x0 linker stubs
 *(.glue_7t)
 .glue_7t       0x08001ada        0x0 linker stubs
 *(.eh_frame)
 *fill*         0x08001ada        0x2 
 .eh_frame      0x08001adc        0x0 /home/tomashut/st/stm32cubeclt_1.16.0_2/GNU-tools-for-STM32/bin/../lib/gcc/arm-none-eabi/12.3.1/thumb/v7e-m+fp/hard/crtbegin.o
 *(.init)
 .init          0x08001adc        0x4 /home/tomashut/st/stm32cubeclt_1.16.0_2/GNU-tools-for-STM32/bin/../lib/gcc/arm-none-eabi/12.3.1/thumb/v7e-m+fp/hard/crti.o
                0x08001adc                _init
 .init          0x08001ae0        0x8 /home/tomashut/st/stm32cubeclt_1.16.0_2/GNU-tools-for-STM32/bin/../lib/gcc/arm-none-eabi/12.3.1/thumb/v7e-m+fp/hard/crtn.o
 *(.fini)
 .fini          0x08001ae8        0x4 /home/tomashut/st/stm32cubeclt_1.16.0_2/GNU-tools-for-STM32/bin/../lib/gcc/arm-none-eabi/12.3.1/thumb/v7e-m+fp/hard/crti.o
                0x08001ae8                _fini
 .fini          0x08001aec        0x8 /home/tomashut/st/stm32cubeclt_1.16.0_2/GNU-tools-for-STM32/bin/../lib/gcc/arm-none-eabi/12.3.1/thumb/v7e-m+fp/hard/crtn.o
                0x08001af4                        . = ALIGN (0x4)
                0x08001af4                        _etext = .

.vfp11_veneer   0x08001af4        0x0
 .vfp11_veneer  0x08001af4        0x0 linker stubs

.v4_bx          0x08001af4        0x0
 .v4_bx         0x08001af4        0x0 linker stubs

.iplt           0x08001af4        0x0
 .iplt          0x08001af4        0x0 /home/tomashut/st/stm32cubeclt_1.16.0_2/GNU-tools-for-STM32/bin/../lib/gcc/arm-none-eabi/12.3.1/thumb/v7e-m+fp/hard/crtbegin.o

.rodata         0x08001af4       0x18
                0x08001af4                        . = ALIGN (0x4)
 *(.rodata)
 *(.rodata*)
 .rodata.AHBPrescTable
                0x08001af4       0x10 CMakeFiles/lastBoard.dir/Core/Src/system_stm32f4xx.c.obj
                0x08001af4                AHBPrescTable
 .rodata.APBPrescTable
                0x08001b04        0x8 CMakeFiles/lastBoard.dir/Core/Src/system_stm32f4xx.c.obj
                0x08001b04                APBPrescTable
                0x08001b0c                        . = ALIGN (0x4)

.ARM.extab
 *(.ARM.extab* .gnu.linkonce.armextab.*)

.ARM            0x08001b0c        0x8
                0x08001b0c                        __exidx_start = .
 *(.ARM.exidx*)
 .ARM.exidx     0x08001b0c        0x8 /home/tomashut/st/stm32cubeclt_1.16.0_2/GNU-tools-for-STM32/bin/../lib/gcc/arm-none-eabi/12.3.1/thumb/v7e-m+fp/hard/libgcc.a(_udivmoddi4.o)
                0x08001b14                        __exidx_end = .

.rel.dyn        0x08001b14        0x0
 .rel.iplt      0x08001b14        0x0 /home/tomashut/st/stm32cubeclt_1.16.0_2/GNU-tools-for-STM32/bin/../lib/gcc/arm-none-eabi/12.3.1/thumb/v7e-m+fp/hard/crtbegin.o

.preinit_array  0x08001b14        0x0
                0x08001b14                        PROVIDE (__preinit_array_start = .)
 *(.preinit_array*)
                0x08001b14                        PROVIDE (__preinit_array_end = .)

.init_array     0x08001b14        0x4
                0x08001b14                        PROVIDE (__init_array_start = .)
 *(SORT_BY_NAME(.init_array.*))
 *(.init_array*)
 .init_array    0x08001b14        0x4 /home/tomashut/st/stm32cubeclt_1.16.0_2/GNU-tools-for-STM32/bin/../lib/gcc/arm-none-eabi/12.3.1/thumb/v7e-m+fp/hard/crtbegin.o
                0x08001b18                        PROVIDE (__init_array_end = .)

.fini_array     0x08001b18        0x4
                [!provide]                        PROVIDE (__fini_array_start = .)
 *(SORT_BY_NAME(.fini_array.*))
 *(.fini_array*)
 .fini_array    0x08001b18        0x4 /home/tomashut/st/stm32cubeclt_1.16.0_2/GNU-tools-for-STM32/bin/../lib/gcc/arm-none-eabi/12.3.1/thumb/v7e-m+fp/hard/crtbegin.o
                [!provide]                        PROVIDE (__fini_array_end = .)
                0x08001b1c                        _sidata = LOADADDR (.data)

.data           0x20000000        0xc load address 0x08001b1c
                0x20000000                        . = ALIGN (0x4)
                0x20000000                        _sdata = .
 *(.data)
 *(.data*)
 .data.uwTickPrio
                0x20000000        0x4 CMakeFiles/lastBoard.dir/Drivers/STM32F4xx_HAL_Driver/Src/stm32f4xx_hal.c.obj
                0x20000000                uwTickPrio
 .data.uwTickFreq
                0x20000004        0x1 CMakeFiles/lastBoard.dir/Drivers/STM32F4xx_HAL_Driver/Src/stm32f4xx_hal.c.obj
                0x20000004                uwTickFreq
 *fill*         0x20000005        0x3 
 .data.SystemCoreClock
                0x20000008        0x4 CMakeFiles/lastBoard.dir/Core/Src/system_stm32f4xx.c.obj
                0x20000008                SystemCoreClock
                0x2000000c                        . = ALIGN (0x4)
                0x2000000c                        _edata = .

.igot.plt       0x2000000c        0x0 load address 0x08001b28
 .igot.plt      0x2000000c        0x0 /home/tomashut/st/stm32cubeclt_1.16.0_2/GNU-tools-for-STM32/bin/../lib/gcc/arm-none-eabi/12.3.1/thumb/v7e-m+fp/hard/crtbegin.o
                0x2000000c                        . = ALIGN (0x4)

.bss            0x2000000c       0x74 load address 0x08001b28
                0x2000000c                        _sbss = .
                0x2000000c                        __bss_start__ = _sbss
 *(.bss)
 .bss           0x2000000c       0x1c /home/tomashut/st/stm32cubeclt_1.16.0_2/GNU-tools-for-STM32/bin/../lib/gcc/arm-none-eabi/12.3.1/thumb/v7e-m+fp/hard/crtbegin.o
 *(.bss*)
 .bss.hi2c1     0x20000028       0x54 CMakeFiles/lastBoard.dir/Core/Src/main.c.obj
                0x20000028                hi2c1
 .bss.uwTick    0x2000007c        0x4 CMakeFiles/lastBoard.dir/Drivers/STM32F4xx_HAL_Driver/Src/stm32f4xx_hal.c.obj
                0x2000007c                uwTick
 *(COMMON)
                0x20000080                        . = ALIGN (0x4)
                0x20000080                        _ebss = .
                0x20000080                        __bss_end__ = _ebss

._user_heap_stack
                0x20000080      0x600 load address 0x08001b28
                0x20000080                        . = ALIGN (0x8)
                [!provide]                        PROVIDE (end = .)
                0x20000080                        PROVIDE (_end = .)
                0x20000280                        . = (. + _Min_Heap_Size)
 *fill*         0x20000080      0x200 
                0x20000680                        . = (. + _Min_Stack_Size)
 *fill*         0x20000280      0x400 
                0x20000680                        . = ALIGN (0x8)

/DISCARD/
 libc.a(*)
 libm.a(*)
 libgcc.a(*)

.ARM.attributes
                0x00000000       0x30
 *(.ARM.attributes)
 .ARM.attributes
                0x00000000       0x22 /home/tomashut/st/stm32cubeclt_1.16.0_2/GNU-tools-for-STM32/bin/../lib/gcc/arm-none-eabi/12.3.1/thumb/v7e-m+fp/hard/crti.o
 .ARM.attributes
                0x00000022       0x34 /home/tomashut/st/stm32cubeclt_1.16.0_2/GNU-tools-for-STM32/bin/../lib/gcc/arm-none-eabi/12.3.1/thumb/v7e-m+fp/hard/crtbegin.o
 .ARM.attributes
                0x00000056       0x34 /home/tomashut/st/stm32cubeclt_1.16.0_2/GNU-tools-for-STM32/bin/../lib/gcc/arm-none-eabi/12.3.1/../../../../arm-none-eabi/lib/thumb/v7e-m+fp/hard/libc_nano.a(libc_a-memset.o)
 .ARM.attributes
                0x0000008a       0x34 /home/tomashut/st/stm32cubeclt_1.16.0_2/GNU-tools-for-STM32/bin/../lib/gcc/arm-none-eabi/12.3.1/../../../../arm-none-eabi/lib/thumb/v7e-m+fp/hard/libc_nano.a(libc_a-init.o)
 .ARM.attributes
                0x000000be       0x34 CMakeFiles/lastBoard.dir/Core/Src/main.c.obj
 .ARM.attributes
                0x000000f2       0x34 CMakeFiles/lastBoard.dir/Core/Src/stm32f4xx_it.c.obj
 .ARM.attributes
                0x00000126       0x34 CMakeFiles/lastBoard.dir/Core/Src/stm32f4xx_hal_msp.c.obj
 .ARM.attributes
                0x0000015a       0x34 CMakeFiles/lastBoard.dir/Drivers/STM32F4xx_HAL_Driver/Src/stm32f4xx_hal_i2c.c.obj
 .ARM.attributes
                0x0000018e       0x34 CMakeFiles/lastBoard.dir/Drivers/STM32F4xx_HAL_Driver/Src/stm32f4xx_hal_rcc.c.obj
 .ARM.attributes
                0x000001c2       0x34 CMakeFiles/lastBoard.dir/Drivers/STM32F4xx_HAL_Driver/Src/stm32f4xx_hal_rcc_ex.c.obj
 .ARM.attributes
                0x000001f6       0x34 CMakeFiles/lastBoard.dir/Drivers/STM32F4xx_HAL_Driver/Src/stm32f4xx_hal_gpio.c.obj
 .ARM.attributes
                0x0000022a       0x34 CMakeFiles/lastBoard.dir/Drivers/STM32F4xx_HAL_Driver/Src/stm32f4xx_hal_cortex.c.obj
 .ARM.attributes
                0x0000025e       0x34 CMakeFiles/lastBoard.dir/Drivers/STM32F4xx_HAL_Driver/Src/stm32f4xx_hal.c.obj
 .ARM.attributes
                0x00000292       0x34 CMakeFiles/lastBoard.dir/Core/Src/system_stm32f4xx.c.obj
 .ARM.attributes
                0x000002c6       0x21 CMakeFiles/lastBoard.dir/startup_stm32f413xx.s.obj
 .ARM.attributes
                0x000002e7       0x22 /home/tomashut/st/stm32cubeclt_1.16.0_2/GNU-tools-for-STM32/bin/../lib/gcc/arm-none-eabi/12.3.1/thumb/v7e-m+fp/hard/libgcc.a(_aeabi_uldivmod.o)
 .ARM.attributes
                0x00000309       0x34 /home/tomashut/st/stm32cubeclt_1.16.0_2/GNU-tools-for-STM32/bin/../lib/gcc/arm-none-eabi/12.3.1/thumb/v7e-m+fp/hard/libgcc.a(_udivmoddi4.o)
 .ARM.attributes
                0x0000033d       0x22 /home/tomashut/st/stm32cubeclt_1.16.0_2/GNU-tools-for-STM32/bin/../lib/gcc/arm-none-eabi/12.3.1/thumb/v7e-m+fp/hard/libgcc.a(_dvmd_tls.o)
 .ARM.attributes
                0x0000035f       0x22 /home/tomashut/st/stm32cubeclt_1.16.0_2/GNU-tools-for-STM32/bin/../lib/gcc/arm-none-eabi/12.3.1/thumb/v7e-m+fp/hard/crtn.o
OUTPUT(lastBoard.elf elf32-littlearm)
LOAD linker stubs
LOAD /home/tomashut/st/stm32cubeclt_1.16.0_2/GNU-tools-for-STM32/bin/../lib/gcc/arm-none-eabi/12.3.1/../../../../arm-none-eabi/lib/thumb/v7e-m+fp/hard/libc.a
LOAD /home/tomashut/st/stm32cubeclt_1.16.0_2/GNU-tools-for-STM32/bin/../lib/gcc/arm-none-eabi/12.3.1/../../../../arm-none-eabi/lib/thumb/v7e-m+fp/hard/libm.a
LOAD /home/tomashut/st/stm32cubeclt_1.16.0_2/GNU-tools-for-STM32/bin/../lib/gcc/arm-none-eabi/12.3.1/thumb/v7e-m+fp/hard/libgcc.a

.debug_frame    0x00000000     0x1c8c
 .debug_frame   0x00000000       0x20 /home/tomashut/st/stm32cubeclt_1.16.0_2/GNU-tools-for-STM32/bin/../lib/gcc/arm-none-eabi/12.3.1/../../../../arm-none-eabi/lib/thumb/v7e-m+fp/hard/libc_nano.a(libc_a-memset.o)
 .debug_frame   0x00000020       0x2c /home/tomashut/st/stm32cubeclt_1.16.0_2/GNU-tools-for-STM32/bin/../lib/gcc/arm-none-eabi/12.3.1/../../../../arm-none-eabi/lib/thumb/v7e-m+fp/hard/libc_nano.a(libc_a-init.o)
 .debug_frame   0x0000004c       0xa8 CMakeFiles/lastBoard.dir/Core/Src/main.c.obj
 .debug_frame   0x000000f4      0x104 CMakeFiles/lastBoard.dir/Core/Src/stm32f4xx_it.c.obj
 .debug_frame   0x000001f8       0x80 CMakeFiles/lastBoard.dir/Core/Src/stm32f4xx_hal_msp.c.obj
 .debug_frame   0x00000278      0xc84 CMakeFiles/lastBoard.dir/Drivers/STM32F4xx_HAL_Driver/Src/stm32f4xx_hal_i2c.c.obj
 .debug_frame   0x00000efc      0x1f4 CMakeFiles/lastBoard.dir/Drivers/STM32F4xx_HAL_Driver/Src/stm32f4xx_hal_rcc.c.obj
 .debug_frame   0x000010f0      0x16c CMakeFiles/lastBoard.dir/Drivers/STM32F4xx_HAL_Driver/Src/stm32f4xx_hal_rcc_ex.c.obj
 .debug_frame   0x0000125c      0x14c CMakeFiles/lastBoard.dir/Drivers/STM32F4xx_HAL_Driver/Src/stm32f4xx_hal_gpio.c.obj
 .debug_frame   0x000013a8      0x4b8 CMakeFiles/lastBoard.dir/Drivers/STM32F4xx_HAL_Driver/Src/stm32f4xx_hal_cortex.c.obj
 .debug_frame   0x00001860      0x374 CMakeFiles/lastBoard.dir/Drivers/STM32F4xx_HAL_Driver/Src/stm32f4xx_hal.c.obj
 .debug_frame   0x00001bd4       0x58 CMakeFiles/lastBoard.dir/Core/Src/system_stm32f4xx.c.obj
 .debug_frame   0x00001c2c       0x2c /home/tomashut/st/stm32cubeclt_1.16.0_2/GNU-tools-for-STM32/bin/../lib/gcc/arm-none-eabi/12.3.1/thumb/v7e-m+fp/hard/libgcc.a(_aeabi_uldivmod.o)
 .debug_frame   0x00001c58       0x34 /home/tomashut/st/stm32cubeclt_1.16.0_2/GNU-tools-for-STM32/bin/../lib/gcc/arm-none-eabi/12.3.1/thumb/v7e-m+fp/hard/libgcc.a(_udivmoddi4.o)

.debug_info     0x00000000     0x6fe8
 .debug_info    0x00000000      0xc20 CMakeFiles/lastBoard.dir/Core/Src/main.c.obj
 .debug_info    0x00000c20      0x112 CMakeFiles/lastBoard.dir/Core/Src/stm32f4xx_it.c.obj
 .debug_info    0x00000d32      0x970 CMakeFiles/lastBoard.dir/Core/Src/stm32f4xx_hal_msp.c.obj
 .debug_info    0x000016a2     0x2421 CMakeFiles/lastBoard.dir/Drivers/STM32F4xx_HAL_Driver/Src/stm32f4xx_hal_i2c.c.obj
 .debug_info    0x00003ac3      0x8ed CMakeFiles/lastBoard.dir/Drivers/STM32F4xx_HAL_Driver/Src/stm32f4xx_hal_rcc.c.obj
 .debug_info    0x000043b0      0x82c CMakeFiles/lastBoard.dir/Drivers/STM32F4xx_HAL_Driver/Src/stm32f4xx_hal_rcc_ex.c.obj
 .debug_info    0x00004bdc      0x723 CMakeFiles/lastBoard.dir/Drivers/STM32F4xx_HAL_Driver/Src/stm32f4xx_hal_gpio.c.obj
 .debug_info    0x000052ff      0xda5 CMakeFiles/lastBoard.dir/Drivers/STM32F4xx_HAL_Driver/Src/stm32f4xx_hal_cortex.c.obj
 .debug_info    0x000060a4      0x9ca CMakeFiles/lastBoard.dir/Drivers/STM32F4xx_HAL_Driver/Src/stm32f4xx_hal.c.obj
 .debug_info    0x00006a6e      0x54a CMakeFiles/lastBoard.dir/Core/Src/system_stm32f4xx.c.obj
 .debug_info    0x00006fb8       0x30 CMakeFiles/lastBoard.dir/startup_stm32f413xx.s.obj

.debug_abbrev   0x00000000     0x13ec
 .debug_abbrev  0x00000000      0x23f CMakeFiles/lastBoard.dir/Core/Src/main.c.obj
 .debug_abbrev  0x0000023f       0x73 CMakeFiles/lastBoard.dir/Core/Src/stm32f4xx_it.c.obj
 .debug_abbrev  0x000002b2      0x1a5 CMakeFiles/lastBoard.dir/Core/Src/stm32f4xx_hal_msp.c.obj
 .debug_abbrev  0x00000457      0x2ad CMakeFiles/lastBoard.dir/Drivers/STM32F4xx_HAL_Driver/Src/stm32f4xx_hal_i2c.c.obj
 .debug_abbrev  0x00000704      0x2b6 CMakeFiles/lastBoard.dir/Drivers/STM32F4xx_HAL_Driver/Src/stm32f4xx_hal_rcc.c.obj
 .debug_abbrev  0x000009ba      0x1e4 CMakeFiles/lastBoard.dir/Drivers/STM32F4xx_HAL_Driver/Src/stm32f4xx_hal_rcc_ex.c.obj
 .debug_abbrev  0x00000b9e      0x1d4 CMakeFiles/lastBoard.dir/Drivers/STM32F4xx_HAL_Driver/Src/stm32f4xx_hal_gpio.c.obj
 .debug_abbrev  0x00000d72      0x328 CMakeFiles/lastBoard.dir/Drivers/STM32F4xx_HAL_Driver/Src/stm32f4xx_hal_cortex.c.obj
 .debug_abbrev  0x0000109a      0x214 CMakeFiles/lastBoard.dir/Drivers/STM32F4xx_HAL_Driver/Src/stm32f4xx_hal.c.obj
 .debug_abbrev  0x000012ae      0x11a CMakeFiles/lastBoard.dir/Core/Src/system_stm32f4xx.c.obj
 .debug_abbrev  0x000013c8       0x24 CMakeFiles/lastBoard.dir/startup_stm32f413xx.s.obj

.debug_aranges  0x00000000      0x718
 .debug_aranges
                0x00000000       0x40 CMakeFiles/lastBoard.dir/Core/Src/main.c.obj
 .debug_aranges
                0x00000040       0x60 CMakeFiles/lastBoard.dir/Core/Src/stm32f4xx_it.c.obj
 .debug_aranges
                0x000000a0       0x30 CMakeFiles/lastBoard.dir/Core/Src/stm32f4xx_hal_msp.c.obj
 .debug_aranges
                0x000000d0      0x2a8 CMakeFiles/lastBoard.dir/Drivers/STM32F4xx_HAL_Driver/Src/stm32f4xx_hal_i2c.c.obj
 .debug_aranges
                0x00000378       0x88 CMakeFiles/lastBoard.dir/Drivers/STM32F4xx_HAL_Driver/Src/stm32f4xx_hal_rcc.c.obj
 .debug_aranges
                0x00000400       0x60 CMakeFiles/lastBoard.dir/Drivers/STM32F4xx_HAL_Driver/Src/stm32f4xx_hal_rcc_ex.c.obj
 .debug_aranges
                0x00000460       0x58 CMakeFiles/lastBoard.dir/Drivers/STM32F4xx_HAL_Driver/Src/stm32f4xx_hal_gpio.c.obj
 .debug_aranges
                0x000004b8      0x120 CMakeFiles/lastBoard.dir/Drivers/STM32F4xx_HAL_Driver/Src/stm32f4xx_hal_cortex.c.obj
 .debug_aranges
                0x000005d8       0xf0 CMakeFiles/lastBoard.dir/Drivers/STM32F4xx_HAL_Driver/Src/stm32f4xx_hal.c.obj
 .debug_aranges
                0x000006c8       0x28 CMakeFiles/lastBoard.dir/Core/Src/system_stm32f4xx.c.obj
 .debug_aranges
                0x000006f0       0x28 CMakeFiles/lastBoard.dir/startup_stm32f413xx.s.obj

.debug_rnglists
                0x00000000      0x571
 .debug_rnglists
                0x00000000       0x2d CMakeFiles/lastBoard.dir/Core/Src/main.c.obj
 .debug_rnglists
                0x0000002d       0x43 CMakeFiles/lastBoard.dir/Core/Src/stm32f4xx_it.c.obj
 .debug_rnglists
                0x00000070       0x20 CMakeFiles/lastBoard.dir/Core/Src/stm32f4xx_hal_msp.c.obj
 .debug_rnglists
                0x00000090      0x23c CMakeFiles/lastBoard.dir/Drivers/STM32F4xx_HAL_Driver/Src/stm32f4xx_hal_i2c.c.obj
 .debug_rnglists
                0x000002cc       0x66 CMakeFiles/lastBoard.dir/Drivers/STM32F4xx_HAL_Driver/Src/stm32f4xx_hal_rcc.c.obj
 .debug_rnglists
                0x00000332       0x4a CMakeFiles/lastBoard.dir/Drivers/STM32F4xx_HAL_Driver/Src/stm32f4xx_hal_rcc_ex.c.obj
 .debug_rnglists
                0x0000037c       0x3f CMakeFiles/lastBoard.dir/Drivers/STM32F4xx_HAL_Driver/Src/stm32f4xx_hal_gpio.c.obj
 .debug_rnglists
                0x000003bb       0xd4 CMakeFiles/lastBoard.dir/Drivers/STM32F4xx_HAL_Driver/Src/stm32f4xx_hal_cortex.c.obj
 .debug_rnglists
                0x0000048f       0xaf CMakeFiles/lastBoard.dir/Drivers/STM32F4xx_HAL_Driver/Src/stm32f4xx_hal.c.obj
 .debug_rnglists
                0x0000053e       0x1a CMakeFiles/lastBoard.dir/Core/Src/system_stm32f4xx.c.obj
 .debug_rnglists
                0x00000558       0x19 CMakeFiles/lastBoard.dir/startup_stm32f413xx.s.obj

.debug_macro    0x00000000    0x1f684
 .debug_macro   0x00000000      0x1d3 CMakeFiles/lastBoard.dir/Core/Src/main.c.obj
 .debug_macro   0x000001d3      0xab4 CMakeFiles/lastBoard.dir/Core/Src/main.c.obj
 .debug_macro   0x00000c87      0x295 CMakeFiles/lastBoard.dir/Core/Src/main.c.obj
 .debug_macro   0x00000f1c       0x2e CMakeFiles/lastBoard.dir/Core/Src/main.c.obj
 .debug_macro   0x00000f4a       0x28 CMakeFiles/lastBoard.dir/Core/Src/main.c.obj
 .debug_macro   0x00000f72       0x22 CMakeFiles/lastBoard.dir/Core/Src/main.c.obj
 .debug_macro   0x00000f94       0x8e CMakeFiles/lastBoard.dir/Core/Src/main.c.obj
 .debug_macro   0x00001022       0x51 CMakeFiles/lastBoard.dir/Core/Src/main.c.obj
 .debug_macro   0x00001073      0x103 CMakeFiles/lastBoard.dir/Core/Src/main.c.obj
 .debug_macro   0x00001176       0x6a CMakeFiles/lastBoard.dir/Core/Src/main.c.obj
 .debug_macro   0x000011e0      0x1df CMakeFiles/lastBoard.dir/Core/Src/main.c.obj
 .debug_macro   0x000013bf       0x1c CMakeFiles/lastBoard.dir/Core/Src/main.c.obj
 .debug_macro   0x000013db       0x22 CMakeFiles/lastBoard.dir/Core/Src/main.c.obj
 .debug_macro   0x000013fd       0xfb CMakeFiles/lastBoard.dir/Core/Src/main.c.obj
 .debug_macro   0x000014f8     0x1011 CMakeFiles/lastBoard.dir/Core/Src/main.c.obj
 .debug_macro   0x00002509      0x11f CMakeFiles/lastBoard.dir/Core/Src/main.c.obj
 .debug_macro   0x00002628    0x15a8b CMakeFiles/lastBoard.dir/Core/Src/main.c.obj
 .debug_macro   0x000180b3       0x6d CMakeFiles/lastBoard.dir/Core/Src/main.c.obj
 .debug_macro   0x00018120     0x368c CMakeFiles/lastBoard.dir/Core/Src/main.c.obj
 .debug_macro   0x0001b7ac      0x189 CMakeFiles/lastBoard.dir/Core/Src/main.c.obj
 .debug_macro   0x0001b935       0x5c CMakeFiles/lastBoard.dir/Core/Src/main.c.obj
 .debug_macro   0x0001b991      0xcf2 CMakeFiles/lastBoard.dir/Core/Src/main.c.obj
 .debug_macro   0x0001c683      0x9e9 CMakeFiles/lastBoard.dir/Core/Src/main.c.obj
 .debug_macro   0x0001d06c      0x115 CMakeFiles/lastBoard.dir/Core/Src/main.c.obj
 .debug_macro   0x0001d181      0x202 CMakeFiles/lastBoard.dir/Core/Src/main.c.obj
 .debug_macro   0x0001d383       0xa5 CMakeFiles/lastBoard.dir/Core/Src/main.c.obj
 .debug_macro   0x0001d428      0x173 CMakeFiles/lastBoard.dir/Core/Src/main.c.obj
 .debug_macro   0x0001d59b      0x2bf CMakeFiles/lastBoard.dir/Core/Src/main.c.obj
 .debug_macro   0x0001d85a       0x5f CMakeFiles/lastBoard.dir/Core/Src/main.c.obj
 .debug_macro   0x0001d8b9      0x236 CMakeFiles/lastBoard.dir/Core/Src/main.c.obj
 .debug_macro   0x0001daef      0x132 CMakeFiles/lastBoard.dir/Core/Src/main.c.obj
 .debug_macro   0x0001dc21      0x30c CMakeFiles/lastBoard.dir/Core/Src/main.c.obj
 .debug_macro   0x0001df2d       0x2e CMakeFiles/lastBoard.dir/Core/Src/main.c.obj
 .debug_macro   0x0001df5b      0x1b5 CMakeFiles/lastBoard.dir/Core/Src/main.c.obj
 .debug_macro   0x0001e110       0x22 CMakeFiles/lastBoard.dir/Core/Src/main.c.obj
 .debug_macro   0x0001e132       0xd6 CMakeFiles/lastBoard.dir/Core/Src/main.c.obj
 .debug_macro   0x0001e208      0x127 CMakeFiles/lastBoard.dir/Core/Src/main.c.obj
 .debug_macro   0x0001e32f       0x91 CMakeFiles/lastBoard.dir/Core/Src/main.c.obj
 .debug_macro   0x0001e3c0       0x89 CMakeFiles/lastBoard.dir/Core/Src/main.c.obj
 .debug_macro   0x0001e449      0x134 CMakeFiles/lastBoard.dir/Core/Src/main.c.obj
 .debug_macro   0x0001e57d      0x1dd CMakeFiles/lastBoard.dir/Core/Src/stm32f4xx_it.c.obj
 .debug_macro   0x0001e75a      0x1d3 CMakeFiles/lastBoard.dir/Core/Src/stm32f4xx_hal_msp.c.obj
 .debug_macro   0x0001e92d      0x217 CMakeFiles/lastBoard.dir/Drivers/STM32F4xx_HAL_Driver/Src/stm32f4xx_hal_i2c.c.obj
 .debug_macro   0x0001eb44      0x1ed CMakeFiles/lastBoard.dir/Drivers/STM32F4xx_HAL_Driver/Src/stm32f4xx_hal_rcc.c.obj
 .debug_macro   0x0001ed31      0x1c9 CMakeFiles/lastBoard.dir/Drivers/STM32F4xx_HAL_Driver/Src/stm32f4xx_hal_rcc_ex.c.obj
 .debug_macro   0x0001eefa      0x1cf CMakeFiles/lastBoard.dir/Drivers/STM32F4xx_HAL_Driver/Src/stm32f4xx_hal_gpio.c.obj
 .debug_macro   0x0001f0c9      0x1c9 CMakeFiles/lastBoard.dir/Drivers/STM32F4xx_HAL_Driver/Src/stm32f4xx_hal_cortex.c.obj
 .debug_macro   0x0001f292      0x229 CMakeFiles/lastBoard.dir/Drivers/STM32F4xx_HAL_Driver/Src/stm32f4xx_hal.c.obj
 .debug_macro   0x0001f4bb      0x1c9 CMakeFiles/lastBoard.dir/Core/Src/system_stm32f4xx.c.obj

.debug_line     0x00000000     0x9563
 .debug_line    0x00000000      0x75d CMakeFiles/lastBoard.dir/Core/Src/main.c.obj
 .debug_line    0x0000075d      0x742 CMakeFiles/lastBoard.dir/Core/Src/stm32f4xx_it.c.obj
 .debug_line    0x00000e9f      0x6ce CMakeFiles/lastBoard.dir/Core/Src/stm32f4xx_hal_msp.c.obj
 .debug_line    0x0000156d     0x3ab3 CMakeFiles/lastBoard.dir/Drivers/STM32F4xx_HAL_Driver/Src/stm32f4xx_hal_i2c.c.obj
 .debug_line    0x00005020      0xcec CMakeFiles/lastBoard.dir/Drivers/STM32F4xx_HAL_Driver/Src/stm32f4xx_hal_rcc.c.obj
 .debug_line    0x00005d0c     0x1052 CMakeFiles/lastBoard.dir/Drivers/STM32F4xx_HAL_Driver/Src/stm32f4xx_hal_rcc_ex.c.obj
 .debug_line    0x00006d5e      0xae5 CMakeFiles/lastBoard.dir/Drivers/STM32F4xx_HAL_Driver/Src/stm32f4xx_hal_gpio.c.obj
 .debug_line    0x00007843      0xc35 CMakeFiles/lastBoard.dir/Drivers/STM32F4xx_HAL_Driver/Src/stm32f4xx_hal_cortex.c.obj
 .debug_line    0x00008478      0x96d CMakeFiles/lastBoard.dir/Drivers/STM32F4xx_HAL_Driver/Src/stm32f4xx_hal.c.obj
 .debug_line    0x00008de5      0x704 CMakeFiles/lastBoard.dir/Core/Src/system_stm32f4xx.c.obj
 .debug_line    0x000094e9       0x7a CMakeFiles/lastBoard.dir/startup_stm32f413xx.s.obj

.debug_str      0x00000000    0xc1c29
 .debug_str     0x00000000    0xbf827 CMakeFiles/lastBoard.dir/Core/Src/main.c.obj
                              0xbfb2c (size before relaxing)
 .debug_str     0x000bf827       0xeb CMakeFiles/lastBoard.dir/Core/Src/stm32f4xx_it.c.obj
                              0xbf318 (size before relaxing)
 .debug_str     0x000bf912       0x85 CMakeFiles/lastBoard.dir/Core/Src/stm32f4xx_hal_msp.c.obj
                              0xbf959 (size before relaxing)
 .debug_str     0x000bf997      0xbb0 CMakeFiles/lastBoard.dir/Drivers/STM32F4xx_HAL_Driver/Src/stm32f4xx_hal_i2c.c.obj
                              0xc0465 (size before relaxing)
 .debug_str     0x000c0547      0x29d CMakeFiles/lastBoard.dir/Drivers/STM32F4xx_HAL_Driver/Src/stm32f4xx_hal_rcc.c.obj
                              0xbf89f (size before relaxing)
 .debug_str     0x000c07e4      0x2dc CMakeFiles/lastBoard.dir/Drivers/STM32F4xx_HAL_Driver/Src/stm32f4xx_hal_rcc_ex.c.obj
                              0xbf824 (size before relaxing)
 .debug_str     0x000c0ac0      0x14c CMakeFiles/lastBoard.dir/Drivers/STM32F4xx_HAL_Driver/Src/stm32f4xx_hal_gpio.c.obj
                              0xbf5f0 (size before relaxing)
 .debug_str     0x000c0c0c      0x9ba CMakeFiles/lastBoard.dir/Drivers/STM32F4xx_HAL_Driver/Src/stm32f4xx_hal_cortex.c.obj
                              0xbfdc2 (size before relaxing)
 .debug_str     0x000c15c6      0x5a0 CMakeFiles/lastBoard.dir/Drivers/STM32F4xx_HAL_Driver/Src/stm32f4xx_hal.c.obj
                              0xc009c (size before relaxing)
 .debug_str     0x000c1b66       0x6c CMakeFiles/lastBoard.dir/Core/Src/system_stm32f4xx.c.obj
                              0xbf466 (size before relaxing)
 .debug_str     0x000c1bd2       0x57 CMakeFiles/lastBoard.dir/startup_stm32f413xx.s.obj
                                 0x88 (size before relaxing)

.comment        0x00000000       0x43
 .comment       0x00000000       0x43 CMakeFiles/lastBoard.dir/Core/Src/main.c.obj
                                 0x44 (size before relaxing)
 .comment       0x00000043       0x44 CMakeFiles/lastBoard.dir/Core/Src/stm32f4xx_it.c.obj
 .comment       0x00000043       0x44 CMakeFiles/lastBoard.dir/Core/Src/stm32f4xx_hal_msp.c.obj
 .comment       0x00000043       0x44 CMakeFiles/lastBoard.dir/Drivers/STM32F4xx_HAL_Driver/Src/stm32f4xx_hal_i2c.c.obj
 .comment       0x00000043       0x44 CMakeFiles/lastBoard.dir/Drivers/STM32F4xx_HAL_Driver/Src/stm32f4xx_hal_rcc.c.obj
 .comment       0x00000043       0x44 CMakeFiles/lastBoard.dir/Drivers/STM32F4xx_HAL_Driver/Src/stm32f4xx_hal_rcc_ex.c.obj
 .comment       0x00000043       0x44 CMakeFiles/lastBoard.dir/Drivers/STM32F4xx_HAL_Driver/Src/stm32f4xx_hal_gpio.c.obj
 .comment       0x00000043       0x44 CMakeFiles/lastBoard.dir/Drivers/STM32F4xx_HAL_Driver/Src/stm32f4xx_hal_cortex.c.obj
 .comment       0x00000043       0x44 CMakeFiles/lastBoard.dir/Drivers/STM32F4xx_HAL_Driver/Src/stm32f4xx_hal.c.obj
 .comment       0x00000043       0x44 CMakeFiles/lastBoard.dir/Core/Src/system_stm32f4xx.c.obj

.debug_line_str
                0x00000000       0x6c
 .debug_line_str
                0x00000000       0x6c CMakeFiles/lastBoard.dir/startup_stm32f413xx.s.obj
